// Jest Snapshot v1, https://goo.gl/fbAQLP

exports[`examples of some things 1`] = `
<View
  style={
    Object {
      "alignItems": "center",
      "flex": 1,
      "justifyContent": "center",
    }
  }
>
  <TextInput
    allowFontScaling={true}
    onChangeText={[Function]}
    rejectResponderTermination={true}
    style={
      Object {
        "borderColor": "black",
        "borderWidth": 2,
        "height": 100,
        "width": 100,
      }
    }
    testID="input"
    underlineColorAndroid="transparent"
    value="Ada Lovelace"
  />
  <TextInput
    allowFontScaling={true}
    keyboardType="numeric"
    onChangeText={[Function]}
    rejectResponderTermination={true}
    style={
      Object {
        "borderColor": "black",
        "borderWidth": 2,
        "height": 100,
        "width": 100,
      }
    }
    testID="inputAge"
    underlineColorAndroid="transparent"
    value="23"
  />
  <View
    accessibilityRole="button"
    accessibilityState={Object {}}
    accessible={true}
    focusable={true}
    onClick={[Function]}
    onResponderGrant={[Function]}
    onResponderMove={[Function]}
    onResponderRelease={[Function]}
    onResponderTerminate={[Function]}
    onResponderTerminationRequest={[Function]}
    onStartShouldSetResponder={[Function]}
    style={
      Object {
        "opacity": 1,
      }
    }
  >
    <View
      style={
        Array [
          Object {},
        ]
      }
    >
      <Text
        style={
          Array [
            Object {
              "color": "#007AFF",
              "fontSize": 18,
              "margin": 8,
              "textAlign": "center",
            },
          ]
        }
      >
        Print Username
      </Text>
    </View>
  </View>
  <Text
    testID="printed-username"
  >
    23
  </Text>
</View>
`;
